// Jest Snapshot v1, https://goo.gl/fbAQLP

exports[`catalog visual filter section tests snapshot test 1`] = `
<section
  class="visualFilter"
  data-testid="catalog-visual-filter-section"
>
  <div
    class="select sortedSelect"
  >
    <button
      class="changeBlock"
      type="button"
    >
      <div>
        <svg
          fill="none"
          height="16"
          viewBox="0 0 15 16"
          width="15"
          xmlns="http://www.w3.org/2000/svg"
        >
          <g
            clip-path="url(#clip0_2831_2828)"
          >
            <g
              opacity="0.6"
            >
              <path
                d="M7.32328 6.74139H11.4807C11.5823 6.74139 11.6647 6.65952 11.6647 6.55807V4.37278C11.6647 4.27148 11.5826 4.18945 11.4807 4.18945H7.32328C7.22199 4.18945 7.13965 4.27133 7.13965 4.37278V6.55822C7.13965 6.65952 7.22183 6.74139 7.32328 6.74139Z"
                fill="#7A7F86"
              />
              <path
                d="M7.32328 3.07178H9.67264C9.77393 3.07178 9.85627 2.9896 9.85627 2.88815V0.703167C9.85627 0.601561 9.77424 0.519531 9.67264 0.519531H7.32328C7.22199 0.519531 7.13965 0.601406 7.13965 0.703167V2.88815C7.13965 2.9896 7.22183 3.07178 7.32328 3.07178Z"
                fill="#7A7F86"
              />
              <path
                d="M7.32328 11.1105H13.0685C13.1696 11.1105 13.252 11.0287 13.252 10.9272V8.74223C13.252 8.64093 13.1699 8.55859 13.0685 8.55859H7.32328C7.22199 8.55859 7.13965 8.64078 7.13965 8.74223V10.9272C7.13965 11.0285 7.22183 11.1105 7.32328 11.1105Z"
                fill="#7A7F86"
              />
              <path
                d="M14.6558 12.9297H7.32328C7.22199 12.9297 7.13965 13.0114 7.13965 13.1135V15.2981C7.13965 15.3994 7.22183 15.4818 7.32328 15.4818H14.656C14.7573 15.4818 14.8394 15.3996 14.8394 15.2981V13.1132C14.8393 13.0114 14.7574 12.9297 14.6558 12.9297Z"
                fill="#7A7F86"
              />
              <path
                d="M6.08742 10.6908H4.84283V0.81072C4.84283 0.639047 4.70363 0.5 4.53211 0.5H2.02615C1.85464 0.5 1.71543 0.639047 1.71543 0.81072V10.6908H0.471C0.351218 10.6908 0.24231 10.7597 0.190731 10.8676C0.138996 10.9755 0.153755 11.1033 0.228639 11.1965L3.03692 15.3841C3.09596 15.4577 3.18498 15.5 3.27913 15.5C3.37328 15.5 3.46215 15.4577 3.52118 15.3841L6.32947 11.1965C6.40435 11.1032 6.41927 10.9755 6.36753 10.8676C6.31595 10.7598 6.2072 10.6908 6.08742 10.6908Z"
                fill="#7A7F86"
              />
            </g>
          </g>
          <defs>
            <clippath
              id="clip0_2831_2828"
            >
              <rect
                fill="white"
                height="15"
                transform="translate(0 0.5)"
                width="15"
              />
            </clippath>
          </defs>
        </svg>
        <p
          class="textValue"
        >
          По умолчанию
        </p>
      </div>
      <svg
        fill="none"
        height="16"
        viewBox="0 0 12 7"
        width="14"
        xmlns="http://www.w3.org/2000/svg"
      >
        <path
          d="M1.5 1.38477L6 5.64152L10.5 1.38477"
          stroke="#4E64F9"
          stroke-linecap="round"
          stroke-linejoin="round"
          stroke-width="2"
        />
      </svg>
    </button>
  </div>
  <div
    class="btnsBlock"
  >
    <div
      class="setLimitBtns"
    >
      <button
        class="btn"
      >
        <svg
          fill="none"
          height="15"
          viewBox="0 0 15 15"
          width="15"
          xmlns="http://www.w3.org/2000/svg"
        >
          <rect
            fill="#7A7F86"
            height="3.22302"
            rx="1"
            width="14.5036"
            y="0.5"
          />
          <rect
            fill="#7A7F86"
            height="3.22302"
            rx="1"
            width="14.5036"
            y="11.2773"
          />
          <rect
            fill="#7A7F86"
            height="3.22302"
            rx="1"
            width="14.5036"
            y="5.88867"
          />
        </svg>
        Список
      </button>
      <button
        class="btnActive"
      >
        <svg
          fill="none"
          height="14"
          viewBox="0 0 15 14"
          width="15"
          xmlns="http://www.w3.org/2000/svg"
        >
          <rect
            fill="#664EF9"
            height="5.44444"
            rx="1"
            width="5.44444"
            x="0.00390625"
          />
          <rect
            fill="#664EF9"
            height="5.44444"
            rx="1"
            width="5.44444"
            x="0.00390625"
            y="8.55469"
          />
          <rect
            fill="#664EF9"
            height="5.44444"
            rx="1"
            width="5.44444"
            x="8.55957"
          />
          <rect
            fill="#664EF9"
            height="5.44444"
            rx="1"
            width="5.44444"
            x="8.55957"
            y="8.55469"
          />
        </svg>
        Плитки
      </button>
    </div>
    <a
      class="map"
      href="/404"
    >
      <svg
        fill="none"
        height="14"
        viewBox="0 0 9 10"
        width="11"
        xmlns="http://www.w3.org/2000/svg"
      >
        <path
          d="M7.43806 1.74419C6.7055 0.627907 5.4962 0 4.13573 0C2.7869 0 1.5776 0.627907 0.821781 1.74419C0.0659671 2.83721 -0.108452 4.23256 0.356665 5.45349C0.484572 5.77907 0.682246 6.11628 0.93806 6.4186L3.87992 9.88372C3.94969 9.95349 4.01946 10 4.12411 10C4.22876 10 4.29853 9.95349 4.36829 9.88372L7.32178 6.4186C7.5776 6.11628 7.7869 5.7907 7.90318 5.45349C8.36829 4.23256 8.19387 2.83721 7.43806 1.74419ZM4.13573 5.86047C3.13573 5.86047 2.31015 5.03488 2.31015 4.03488C2.31015 3.03488 3.13573 2.2093 4.13573 2.2093C5.13574 2.2093 5.96132 3.03488 5.96132 4.03488C5.96132 5.03488 5.14736 5.86047 4.13573 5.86047Z"
          fill="#664EF9"
        />
      </svg>
      Показать на карте
    </a>
  </div>
</section>
`;
