// Jest Snapshot v1, https://goo.gl/fbAQLP

exports[`new id page see also tests snapshot test 1`] = `
<div
  class="seeAlso"
  data-testid="new-id-page-see-also-section"
>
  <div
    class="container"
  >
    <h2>
      Читайте также
    </h2>
  </div>
</div>
`;
